<html>
<body>
<pre>
<h1>µVision Build Log</h1>
<h2>Project:</h2>
C:\Users\ADMIN\OneDrive\Documents\STM32F103C8\LED_1\MDK-ARM\LED_1.uvprojx
Project File Date:  06/15/2021

<h2>Output:</h2>
Rebuild target 'LED_1'
assembling startup_stm32f103xb.s...
compiling main.c...
../Core/Src/main.c(101): warning:  #188-D: enumerated type mixed with another type
                HAL_GPIO_WritePin(LED_GPIO_Port, LED_Pin, HAL_GPIO_ReadPin(LED_GPIO_Port, LED_Pin)^1);  
../Core/Src/main.c: 1 warning, 0 errors
compiling stm32f1xx_it.c...
compiling stm32f1xx_hal_msp.c...
compiling stm32f1xx_hal_gpio_ex.c...
compiling stm32f1xx_hal_tim.c...
compiling stm32f1xx_hal_tim_ex.c...
compiling stm32f1xx_hal.c...
compiling stm32f1xx_hal_rcc.c...
compiling stm32f1xx_hal_rcc_ex.c...
compiling stm32f1xx_hal_gpio.c...
compiling stm32f1xx_hal_dma.c...
compiling stm32f1xx_hal_cortex.c...
compiling stm32f1xx_hal_pwr.c...
compiling stm32f1xx_hal_flash.c...
compiling stm32f1xx_hal_flash_ex.c...
compiling stm32f1xx_hal_exti.c...
compiling system_stm32f1xx.c...
linking...
Program Size: Code=2448 RO-data=284 RW-data=16 ZI-data=1024  
FromELF: creating hex file...
".\LED_1\LED_1.axf" - 0 Error(s), 1 Warning(s).

<h2>Software Packages used:</h2>

Package Vendor: ARM
                http://www.keil.com/pack/ARM.CMSIS.4.1.0.pack
                ARM::CMSIS:CORE:3.30.0
                CMSIS (Cortex Microcontroller Software Interface Standard)
   * Component: CORE Version: 3.30.0

<h2>Collection of Component include folders:</h2>
  C:\Users\ADMIN\OneDrive\Documents\STM32F103C8\LED_1\MDK-ARM\RTE
  C:\Keil_v5\ARM\PACK\ARM\CMSIS\4.1.0\CMSIS\Include
  C:\Keil_v5\ARM\PACK\Keil\STM32F1xx_DFP\1.1.0\Device\Include

<h2>Collection of Component Files used:</h2>

   * Component: ARM::CMSIS:CORE:3.30.0
      Source file:   CMSIS\UserCodeTemplates\ARM\ITM_Retarget.c
Load "C:\\Users\\ADMIN\\OneDrive\\Documents\\STM32F103C8\\LED_1\\MDK-ARM\\LED_1\\LED_1.axf" 
Erase Done.
Programming Done.
Verify OK.
Application running ...
</pre>
</body>
</html>
