<html>
<body>
<pre>
<h1>µVision Build Log</h1>
<h2>Project:</h2>
C:\Users\ADMIN\OneDrive\Documents\STM32F103\THUCHANH\CaoThiThuyLinh_TH5\Bai3\MDK-ARM\Bai3.uvprojx
Project File Date:  10/04/2021

<h2>Output:</h2>
Rebuild target 'Bai3'
assembling startup_stm32f103xb.s...
compiling main.c...
../Core/Inc/KEYPAD.h(51): warning:  #1-D: last line of file ends without a newline
  #endif
../Core/Src/main.c: 1 warning, 0 errors
compiling stm32f1xx_it.c...
compiling stm32f1xx_hal_msp.c...
compiling KEYPAD.c...
../Core/Inc/KEYPAD.h(51): warning:  #1-D: last line of file ends without a newline
  #endif
..\Core\Src\KEYPAD.c(100): warning:  #1-D: last line of file ends without a newline
  }
..\Core\Src\KEYPAD.c: 2 warnings, 0 errors
compiling usb_device.c...
compiling usbd_desc.c...
compiling usbd_conf.c...
compiling stm32f1xx_hal_gpio_ex.c...
compiling stm32f1xx_hal_pcd.c...
compiling stm32f1xx_hal_pcd_ex.c...
compiling stm32f1xx_ll_usb.c...
compiling stm32f1xx_hal.c...
compiling stm32f1xx_hal_rcc.c...
compiling stm32f1xx_hal_rcc_ex.c...
compiling stm32f1xx_hal_gpio.c...
compiling stm32f1xx_hal_dma.c...
compiling stm32f1xx_hal_cortex.c...
compiling stm32f1xx_hal_pwr.c...
compiling stm32f1xx_hal_flash.c...
compiling stm32f1xx_hal_flash_ex.c...
compiling stm32f1xx_hal_exti.c...
compiling stm32f1xx_hal_tim.c...
compiling stm32f1xx_hal_tim_ex.c...
compiling system_stm32f1xx.c...
compiling usbd_core.c...
compiling usbd_ctlreq.c...
compiling usbd_ioreq.c...
compiling usbd_hid.c...
linking...
Program Size: Code=12352 RO-data=284 RW-data=376 ZI-data=3088  
FromELF: creating hex file...
"Bai3\Bai3.axf" - 0 Error(s), 3 Warning(s).

<h2>Software Packages used:</h2>

Package Vendor: ARM
                http://www.keil.com/pack/ARM.CMSIS.4.1.0.pack
                ARM::CMSIS:CORE:3.30.0
                CMSIS (Cortex Microcontroller Software Interface Standard)
   * Component: CORE Version: 3.30.0

<h2>Collection of Component include folders:</h2>
  C:\Users\ADMIN\OneDrive\Documents\STM32F103\THUCHANH\CaoThiThuyLinh_TH5\Bai3\MDK-ARM\RTE
  C:\Keil_v5\ARM\PACK\ARM\CMSIS\4.1.0\CMSIS\Include
  C:\Keil_v5\ARM\PACK\Keil\STM32F1xx_DFP\2.1.0

<h2>Collection of Component Files used:</h2>

   * Component: ARM::CMSIS:CORE:3.30.0
      Source file:   CMSIS\UserCodeTemplates\ARM\ITM_Retarget.c
</pre>
</body>
</html>
