<html>
<body>
<pre>
<h1>µVision Build Log</h1>
<h2>Project:</h2>
C:\Users\ADMIN\OneDrive\Documents\STM32F103\THUCHANH\CaoThiThuyLinh_TH3\Bai2\MDK-ARM\Bai2.uvprojx
Project File Date:  09/27/2021

<h2>Output:</h2>
Rebuild target 'Bai2'
assembling startup_stm32f103xb.s...
compiling main.c...
compiling stm32f1xx_it.c...
compiling stm32f1xx_hal_msp.c...
compiling stm32f1xx_hal_gpio_ex.c...
compiling stm32f1xx_hal_i2c.c...
compiling stm32f1xx_hal.c...
compiling stm32f1xx_hal_rcc.c...
compiling stm32f1xx_hal_rcc_ex.c...
compiling stm32f1xx_hal_gpio.c...
compiling stm32f1xx_hal_dma.c...
compiling stm32f1xx_hal_cortex.c...
compiling stm32f1xx_hal_pwr.c...
compiling stm32f1xx_hal_flash.c...
compiling stm32f1xx_hal_flash_ex.c...
compiling stm32f1xx_hal_exti.c...
compiling stm32f1xx_hal_tim.c...
compiling stm32f1xx_hal_tim_ex.c...
compiling system_stm32f1xx.c...
linking...
Program Size: Code=3892 RO-data=292 RW-data=40 ZI-data=1112  
FromELF: creating hex file...
"Bai2\Bai2.axf" - 0 Error(s), 0 Warning(s).

<h2>Software Packages used:</h2>

Package Vendor: ARM
                http://www.keil.com/pack/ARM.CMSIS.4.1.0.pack
                ARM::CMSIS:CORE:3.30.0
                CMSIS (Cortex Microcontroller Software Interface Standard)
   * Component: CORE Version: 3.30.0

<h2>Collection of Component include folders:</h2>
  C:\Users\ADMIN\OneDrive\Documents\STM32F103\THUCHANH\CaoThiThuyLinh_TH3\Bai2\MDK-ARM\RTE
  C:\Keil_v5\ARM\PACK\ARM\CMSIS\4.1.0\CMSIS\Include
  C:\Keil_v5\ARM\PACK\Keil\STM32F1xx_DFP\2.1.0

<h2>Collection of Component Files used:</h2>

   * Component: ARM::CMSIS:CORE:3.30.0
      Source file:   CMSIS\UserCodeTemplates\ARM\ITM_Retarget.c
Load "Bai2\\Bai2.axf" 
Error: Flash Download failed  -  Target DLL has been cancelled
</pre>
</body>
</html>
